// Jest Snapshot v1, https://goo.gl/fbAQLP

exports[`<PortfolioLinks/> Snapshot renders without crashing using shallow 1`] = `
<styled.div
  orientation="horizontal"
>
  <HashLink
    to="#about"
  >
    button.about
  </HashLink>
  <HashLink
    to="#skills"
  >
    button.skills
  </HashLink>
  <HashLink
    to="#experience"
  >
    button.experience
  </HashLink>
  <HashLink
    to="#contact"
  >
    button.contact
  </HashLink>
</styled.div>
`;
