// Jest Snapshot v1, https://goo.gl/fbAQLP

exports[`<TitledLogo/> Snapshot renders without crashing using shallow 1`] = `
<styled.div>
  <GiDirewolf
    size="32"
  />
  <strong>
    Israel Deorce
  </strong>
</styled.div>
`;
