// Jest Snapshot v1, https://goo.gl/fbAQLP

exports[`<Article/> Snapshot renders without crashing using shallow 1`] = `
<div
  className="article"
  dangerouslySetInnerHTML={
    Object {
      "__html": undefined,
    }
  }
/>
`;
