// Jest Snapshot v1, https://goo.gl/fbAQLP

exports[`<Spinner/> Snapshot renders without crashing using shallow 1`] = `
<div>
  Loading...
</div>
`;
