// Jest Snapshot v1, https://goo.gl/fbAQLP

exports[`<ThemeToggle/> Snapshot renders without crashing using shallow 1`] = `
<Toggle
  className="toggle"
  icons={
    Object {
      "checked": <FaSun />,
      "unchecked": <FaMoon />,
    }
  }
  onChange={[MockFunction]}
/>
`;
