// Jest Snapshot v1, https://goo.gl/fbAQLP

exports[`<Portfolio/> Snapshot renders without crashing using shallow 1`] = `
<styled.div>
  <Home />
  <About />
  <Skills />
  <Experience />
  <Contact />
</styled.div>
`;
